// Jest Snapshot v1, https://goo.gl/fbAQLP

exports[`Home renders correctly 1`] = `
<div
  class="wrapper"
>
  <div
    class="dashboard"
  >
    <router-link-stub
      class="widget"
      to="timetable"
    >
      <h5
        class="container"
      >
        page.home.nextLectures
      </h5>
       
      <div
        class="lecture orange"
      >
        <div
          class="container"
        >
          <div
            class="start"
          >
            Jetzt
          </div>
           
          <div
            class="title"
          >
            Geo-Visualisierung
          </div>
           
          <div
            class="data"
          >
            <div
              class="info"
            >
              <fa-icon-stub
                icon="user-alt"
              />
              
              Müller
            
            </div>
             
            <!---->
          </div>
        </div>
      </div>
      <div
        class="lecture purple"
      >
        <div
          class="container"
        >
          <div
            class="start"
          >
            
            Morgen
          
          </div>
           
          <div
            class="title"
          >
            Geschäftsprozessmanagement
          </div>
           
          <div
            class="data"
          >
            <!---->
             
            <!---->
          </div>
        </div>
      </div>
    </router-link-stub>
     
    <div
      class="widget"
    >
      <h5
        class="container"
      >
        page.home.nextEvents
      </h5>
       
      <div
        class="container"
      >
        <eventitem-stub
          event="[object Object]"
        />
      </div>
    </div>
  </div>
   
  <div
    class="note"
  >
    <div
      class="container"
    >
      <p>
        page.home.lastRefresh
      </p>
       
      <p>
        page.home.lastRefreshDuration1
      </p>
    </div>
  </div>
</div>
`;
