// Jest Snapshot v1, https://goo.gl/fbAQLP

exports[`Menu renders correctly 1`] = `
<div
  class="wrapper"
>
  <div
    class="dashboard"
  >
    <div
      class="widget"
    >
      <div
        class="container"
      >
        <h5>
          page.menu.linkedAccount
        </h5>
      </div>
       
      <div
        class="menu"
      >
        <div
          class="container"
        >
          <a
            class="target logout item"
          >
            <fa-icon-stub
              class="teal badge icon"
              icon="id-badge"
            />
             
            <div
              class="title grow"
            >
              <p
                class="displayname"
              >
                Max Müller
              </p>
               
              <p
                class="action"
              >
                page.menu.unlinkAccount
              </p>
            </div>
          </a>
        </div>
      </div>
    </div>
     
    <div
      class="widget"
    >
      <div
        class="container"
      >
        <h5>
          page.menu.otherContents
        </h5>
      </div>
       
      <div
        class="menu"
      >
        <div
          class="container"
        >
          <span>
            <a
              class="item"
            >
              <fa-icon-stub
                class="square icon red"
                icon="book"
              />
               
              <span
                class="title"
              >
                page.menu.selectCourses
              </span>
               
              <fa-icon-stub
                class="arrow icon"
                icon="chevron-right"
              />
            </a>
          </span>
          <span>
            <a
              class="item"
            >
              <fa-icon-stub
                class="square icon red"
                icon="lightbulb"
              />
               
              <span
                class="title"
              >
                page.menu.tips
              </span>
               
              <fa-icon-stub
                class="arrow icon"
                icon="chevron-right"
              />
            </a>
          </span>
          <span>
            <a
              class="item"
            >
              <fa-icon-stub
                class="square icon red"
                icon="print"
              />
               
              <span
                class="title"
              >
                page.menu.printerLocations
              </span>
               
              <fa-icon-stub
                class="arrow icon"
                icon="chevron-right"
              />
            </a>
          </span>
          <span>
            <a
              class="item"
            >
              <fa-icon-stub
                class="square icon red"
                icon="list-ul"
              />
               
              <span
                class="title"
              >
                page.menu.professorIndex
              </span>
               
              <fa-icon-stub
                class="arrow icon"
                icon="chevron-right"
              />
            </a>
          </span>
        </div>
      </div>
    </div>
    <div
      class="widget"
    >
      <div
        class="container"
      >
        <h5>
          page.menu.supportApp
        </h5>
      </div>
       
      <div
        class="menu"
      >
        <div
          class="container"
        >
          <span>
            <a
              class="item"
            >
              <fa-icon-stub
                class="square icon green"
                icon="share-alt"
              />
               
              <span
                class="title"
              >
                page.menu.inviteFriends
              </span>
               
              <fa-icon-stub
                class="arrow icon"
                icon="chevron-right"
              />
            </a>
          </span>
          <span>
            <a
              class="item"
              href="mailto:info@hft-app.de?subject=Feedback"
            >
              <fa-icon-stub
                class="square icon green"
                icon="star"
              />
               
              <span
                class="title"
              >
                page.menu.sendFeedback
              </span>
               
              <fa-icon-stub
                class="arrow icon"
                icon="chevron-right"
              />
            </a>
          </span>
          <span>
            <a
              class="item"
              href="https://github.com/hft-app"
            >
              <fa-icon-stub
                class="square icon green"
                icon="puzzle-piece"
              />
               
              <span
                class="title"
              >
                page.menu.contribute
              </span>
               
              <fa-icon-stub
                class="arrow icon"
                icon="chevron-right"
              />
            </a>
          </span>
        </div>
      </div>
    </div>
    <div
      class="widget"
    >
      <div
        class="container"
      >
        <h5>
          page.menu.information
        </h5>
      </div>
       
      <div
        class="menu"
      >
        <div
          class="container"
        >
          <span>
            <a
              class="item"
            >
              <fa-icon-stub
                class="square icon blue"
                icon="bullhorn"
              />
               
              <span
                class="title"
              >
                page.menu.imprint
              </span>
               
              <fa-icon-stub
                class="arrow icon"
                icon="chevron-right"
              />
            </a>
          </span>
          <span>
            <a
              class="item"
            >
              <fa-icon-stub
                class="square icon blue"
                icon="handshake"
              />
               
              <span
                class="title"
              >
                page.menu.licenses
              </span>
               
              <fa-icon-stub
                class="arrow icon"
                icon="chevron-right"
              />
            </a>
          </span>
        </div>
      </div>
    </div>
  </div>
   
  <div
    class="note"
  >
    <div
      class="container"
    >
      <p>
        HFT App v2.0.1
      </p>
    </div>
  </div>
</div>
`;
